// Jest Snapshot v1, https://goo.gl/fbAQLP

exports[`Snapshot Testing 1`] = `
<div>
  <div
    class="app"
  >
    <div
      class="header"
    >
      <div />
    </div>
    <div
      class="main"
    >
      <div
        class=" menu"
        data-testid="menu"
      >
        <div />
      </div>
      <div
        class=" article"
      >
        <div
          class="box"
        >
          <div
            class="explore-bar"
          >
            <div />
          </div>
          <div
            class="component"
          >
            <div>
              welcome!!~~~~~~~~~~~~~~~~~~
            </div>
          </div>
        </div>
      </div>
    </div>
    <div
      class="footer bg-secondary-1"
    >
      <div />
    </div>
    <style
      jsx="true"
    >
      App.styledJsx.scss
    </style>
  </div>
</div>
`;
