// Jest Snapshot v1, https://goo.gl/fbAQLP

exports[`Member Table table Snapshot Testing 1`] = `
<tbody
  class=""
  data-testid="table-list"
>
  <tr
    class=""
  >
    <td
      class=""
    >
      1
    </td>
    <td
      class=""
    >
      user1
    </td>
    <td
      class="undefined member-not-lock"
    >
      啟動
    </td>
    <td
      class="undefined member-lock"
    >
      <i
        aria-hidden="true"
        class="lock icon"
      />
      鎖定
    </td>
    <td
      class=""
    >
      2019-06-16 09:36:04
    </td>
    <td
      class=""
    >
      <button
        class="ui button"
      >
        編輯
      </button>
      <button
        class="ui button"
        data-id="1"
      >
        刪除
      </button>
    </td>
  </tr>
  <tr
    class=""
  >
    <td
      class=""
    >
      2
    </td>
    <td
      class=""
    >
      user2
    </td>
    <td
      class="undefined member-lock"
    >
      未啟動
    </td>
    <td
      class="undefined member-not-lock"
    >
      <i
        aria-hidden="true"
        class="lock open icon"
      />
      未鎖定
    </td>
    <td
      class=""
    >
      2019-06-16 09:36:04
    </td>
    <td
      class=""
    >
      <button
        class="ui button"
      >
        編輯
      </button>
      <button
        class="ui button"
        data-id="2"
      >
        刪除
      </button>
    </td>
  </tr>
  <tr
    class=""
  >
    <td
      class=""
    >
      3
    </td>
    <td
      class=""
    >
      user3
    </td>
    <td
      class="undefined member-not-lock"
    >
      啟動
    </td>
    <td
      class="undefined member-lock"
    >
      <i
        aria-hidden="true"
        class="lock icon"
      />
      鎖定
    </td>
    <td
      class=""
    >
      2019-06-16 09:36:04
    </td>
    <td
      class=""
    >
      <button
        class="ui button"
      >
        編輯
      </button>
      <button
        class="ui button"
        data-id="3"
      >
        刪除
      </button>
    </td>
  </tr>
  <tr
    class=""
  >
    <td
      class=""
    >
      4
    </td>
    <td
      class=""
    >
      user4
    </td>
    <td
      class="undefined member-not-lock"
    >
      啟動
    </td>
    <td
      class="undefined member-lock"
    >
      <i
        aria-hidden="true"
        class="lock icon"
      />
      鎖定
    </td>
    <td
      class=""
    >
      2019-06-16 09:36:04
    </td>
    <td
      class=""
    >
      <button
        class="ui button"
      >
        編輯
      </button>
      <button
        class="ui button"
        data-id="4"
      >
        刪除
      </button>
    </td>
  </tr>
  <tr
    class=""
  >
    <td
      class=""
    >
      5
    </td>
    <td
      class=""
    >
      user5
    </td>
    <td
      class="undefined member-not-lock"
    >
      啟動
    </td>
    <td
      class="undefined member-lock"
    >
      <i
        aria-hidden="true"
        class="lock icon"
      />
      鎖定
    </td>
    <td
      class=""
    >
      2019-06-16 09:36:04
    </td>
    <td
      class=""
    >
      <button
        class="ui button"
      >
        編輯
      </button>
      <button
        class="ui button"
        data-id="5"
      >
        刪除
      </button>
    </td>
  </tr>
</tbody>
`;
